atcay
appleway
oolschay
Igpay
Eachway
ellowyay
ythmrhay
