Itway asway away arkday andway ormystay ightnay; ethay ainray ellfay inway orrentstay, exceptway atway occasionalway intervalsway, enwhay itway asway eckedchay ybay away iolentvay ustgay ofway indway ichwhay eptsway upway ethay eetsstray (orfay itway isway inway Ondonlay atthay ourway enescay ieslay), attlingray alongway ethay ousehay-opstay, andway iercelyfay agitatingway ethay antyscay ameflay ofway ethay ampslay atthay uggledstray againstway ethay arknessday.
